// Jest Snapshot v1, https://goo.gl/fbAQLP

exports[`renders correctly 1`] = `
<div
  className="image-uploader"
>
  <input
    onChange={[Function]}
    type="file"
  />
  <div
    className="button"
    onClick={[Function]}
  >
    <span
      className="button__icon"
    >
      <svg
        data-testid="add-icon"
        fill="none"
        height="16"
        viewBox="0 0 16 16"
        width="16"
        xmlns="http://www.w3.org/2000/svg"
      >
        <path
          clipRule="evenodd"
          d="M1.89999 7.99999C1.89999 7.66862 2.16862 7.39999 2.49999 7.39999H13.5C13.8314 7.39999 14.1 7.66862 14.1 7.99999C14.1 8.33136 13.8314 8.59999 13.5 8.59999H2.49999C2.16862 8.59999 1.89999 8.33136 1.89999 7.99999Z"
          fill="#82B284"
          fillRule="evenodd"
        />
        <path
          clipRule="evenodd"
          d="M7.99999 1.89999C8.33136 1.89999 8.59999 2.16862 8.59999 2.49999V13.5C8.59999 13.8314 8.33136 14.1 7.99999 14.1C7.66862 14.1 7.39999 13.8314 7.39999 13.5V2.49999C7.39999 2.16862 7.66862 1.89999 7.99999 1.89999Z"
          fill="#82B284"
          fillRule="evenodd"
        />
      </svg>
    </span>
    <span
      className="button__text"
    >
      ДОБАВИТЬ ИЗОБРАЖЕНИЕ
    </span>
  </div>
</div>
`;
